Installing nodejs on ubuntu as well as npm

$ sudo apt update 
$ sudo apt install nodejs
$ sudo apt install npm

Testing installation
$ node
> console.log("Hello World!")
Hello World!
undefined

Installing ionic
$ sudo npm install -g ionic

